// Jest Snapshot v1, https://goo.gl/fbAQLP

exports[`Dashboard UI render features view should render as expected 1`] = `
<div>
  <Dashboard />
</div>
`;
