// Jest Snapshot v1, https://goo.gl/fbAQLP

exports[`Get Entries Page UI render features view should render as expected 1`] = `
<div>
  <Connect(GetEntries) />
</div>
`;
