// Jest Snapshot v1, https://goo.gl/fbAQLP

exports[`Landing Page UI render features view should render as expected 1`] = `
<div>
  <Connect(LandingPage) />
</div>
`;
