// Jest Snapshot v1, https://goo.gl/fbAQLP

exports[`Profile PageUI render features view should render as expected 1`] = `
<div>
  <Connect(Profile) />
</div>
`;
