// Jest Snapshot v1, https://goo.gl/fbAQLP

exports[`Publish Entry Page UI render features view should render as expected 1`] = `
<div>
  <Connect(PublishEntry) />
</div>
`;
