// Jest Snapshot v1, https://goo.gl/fbAQLP

exports[`Get An Entry container render features view should render as expected 1`] = `
<div
  className="get-entry-body"
>
  <header>
    <div
      id="menu"
    >
      <Link
        className="menuitem"
        replace={false}
        to="/dashboard"
      >
        Home
      </Link>
      <Link
        className="menuitem"
        replace={false}
        to="/profile"
      >
        Profile
      </Link>
      <Link
        className="menuitem"
        replace={false}
        to="/entries/create"
      >
        New Entry
      </Link>
      <Link
        className="menuitem"
        replace={false}
        to="/signout"
      >
        Sign Out
      </Link>
    </div>
  </header>
  <section>
    <h6
      id="date"
    >
      Tue Dec 04 2018
    </h6>
    <article>
      <div
        id="errors"
      />
      <h1
        id="title"
      />
      <p
        id="content"
      />
    </article>
  </section>
  <button
    id="modifyButton"
    onClick={[Function]}
    type="button"
  >
    Modify
  </button>
   
  <button
    id="deleteButton"
    onClick={[Function]}
    type="button"
  >
    Delete
  </button>
</div>
`;
