// Jest Snapshot v1, https://goo.gl/fbAQLP

exports[`Get Entries container render features view should render as expected 1`] = `
<div
  className="entry-body"
>
  <header>
    <div
      id="menu"
    >
      <Link
        className="menuitem"
        replace={false}
        to="/dashboard"
      >
        Home
      </Link>
      <Link
        className="menuitem"
        replace={false}
        to="/profile"
      >
        Profile
      </Link>
      <Link
        className="menuitem"
        replace={false}
        to="/entries/create"
      >
        New Entry
      </Link>
      <Link
        className="menuitem"
        replace={false}
        to="/signout"
      >
        Sign Out
      </Link>
    </div>
  </header>
  <h1>
    My Stories
  </h1>
  <div
    id="errors"
  />
  <div
    className="entry"
  />
</div>
`;
