// Jest Snapshot v1, https://goo.gl/fbAQLP

exports[`Sign out container render features view should render as expected 1`] = `
<div
  className="sign-out"
>
  <header>
    <div
      id="menu"
    >
      <Link
        className="menuitem"
        replace={false}
        to="/"
      >
        Home
      </Link>
      <Link
        className="menuitem"
        replace={false}
        to="/"
      >
        Contact Us
      </Link>
      <Link
        className="menuitem"
        replace={false}
        to="/auth/signin"
      >
        Sign In
      </Link>
    </div>
  </header>
  <div
    className="center"
  >
    <h1>
      Thank you for visiting!
    </h1>
    <Link
      replace={false}
      to="/auth/signin"
    >
      <button
        type="button"
      >
        Sign In
      </button>
    </Link>
  </div>
</div>
`;
