// Jest Snapshot v1, https://goo.gl/fbAQLP

exports[`Dashboard Component render features view should render as expected 1`] = `
<div
  className="dashboard"
>
  <header>
    <div
      id="menu"
    >
      <Link
        className="menuitem"
        replace={false}
        to="/dashboard"
      >
        Home
      </Link>
      <Link
        className="menuitem"
        replace={false}
        to="/profile"
      >
        Profile
      </Link>
      <Link
        className="menuitem"
        replace={false}
        to="/entries"
      >
        Entries
      </Link>
      <Link
        className="menuitem"
        replace={false}
        to="/signout"
      >
        Sign Out
      </Link>
    </div>
  </header>
  <div
    className="center"
  >
    <h1>
      Hello,
    </h1>
    <h2>
      Its me your dear Diary
    </h2>
    <p>
      Feel free to pen down your thoughts
      <Link
        replace={false}
        to="/entries/create"
      >
         
        <button
          type="button"
        >
          Get Started
        </button>
      </Link>
    </p>
  </div>
</div>
`;
